// Jest Snapshot v1, https://goo.gl/fbAQLP

exports[`<Card /> renders 1`] = `
.c0 {
  display: block;
  -webkit-flex-direction: column;
  -ms-flex-direction: column;
  flex-direction: column;
  padding-left: 1.5rem;
  padding-right: 1.5rem;
  padding-top: 2rem;
  padding-bottom: 2rem;
}

@media (min-width:768px) {
  .c0 {
    padding-left: 2rem;
    padding-right: 2rem;
    padding-top: 3rem;
    padding-bottom: 3rem;
  }
}

<div
  class="white c0"
>
  Children
</div>
`;
