// Jest Snapshot v1, https://goo.gl/fbAQLP

exports[`<Notification /> renders 1`] = `
.c0 {
  display: block;
  -webkit-flex-direction: column;
  -ms-flex-direction: column;
  flex-direction: column;
  padding-top: 1rem;
  padding-bottom: 1rem;
}

.c1 {
  display: -webkit-box;
  display: -webkit-flex;
  display: -ms-flexbox;
  display: flex;
  -webkit-flex-direction: row;
  -ms-flex-direction: row;
  flex-direction: row;
}

.c1 > *:not(:last-child) {
  margin-right: 1rem;
}

@media (min-width:768px) {
  .c0 {
    padding-top: 1rem;
    padding-bottom: 1rem;
  }
}

@media (min-width:768px) {
  .c1 > *:not(:last-child) {
    margin-right: 1rem;
  }
}

<div
  class="base instructional base instructional c0"
>
  <div
    class="TDS_FlexGrid-modules__flexGrid___QxDgy TDS_FlexGrid-modules__limitWidth___2SDcu TDS_FlexGrid-modules__xsReverseCancel___20p12 TDS_FlexGrid-modules__smReverseCancel___-_YfQ TDS_FlexGrid-modules__mdReverseCancel___3cUDQ TDS_FlexGrid-modules__lgReverseCancel___1lfjg TDS_FlexGrid-modules__xlReverseCancel___OIqvi TDS_flexboxgrid2__container-fluid___3c7kO"
  >
    <div
      class="TDS_Row-modules__flexRow___3CHOR TDS_Row-modules__xsReverseCancel___3qDNC TDS_Row-modules__smReverseCancel___VUTb9 TDS_Row-modules__mdReverseCancel___1MWfN TDS_Row-modules__lgReverseCancel___1Ngyt TDS_Row-modules__xlReverseCancel___16npr TDS_flexboxgrid2__row___3YyB2"
    >
      <div
        class="TDS_flexboxgrid2__col-xs___2KrHO TDS_Col-modules__xsVisible___yQn24 TDS_Col-modules__smVisible___3-waa TDS_Col-modules__mdVisible___wUg94 TDS_Col-modules__lgVisible___7FbXv TDS_Col-modules__xlVisible___1AW2r TDS_Col-modules__padding___2tLQS"
      >
        <div
          class="TDS_FlexGrid-modules__flexGrid___QxDgy TDS_FlexGrid-modules__limitWidth___2SDcu TDS_FlexGrid-modules__xsReverseCancel___20p12 TDS_FlexGrid-modules__smReverseCancel___-_YfQ TDS_FlexGrid-modules__mdReverseCancel___3cUDQ TDS_FlexGrid-modules__lgReverseCancel___1lfjg TDS_FlexGrid-modules__xlReverseCancel___OIqvi TDS_flexboxgrid2__container-fluid___3c7kO"
        >
          <div
            class="TDS_Row-modules__flexRow___3CHOR TDS_Row-modules__xsReverseCancel___3qDNC TDS_Row-modules__smReverseCancel___VUTb9 TDS_Row-modules__mdReverseCancel___1MWfN TDS_Row-modules__lgReverseCancel___1Ngyt TDS_Row-modules__xlReverseCancel___16npr TDS_flexboxgrid2__row___3YyB2"
          >
            <div
              class="TDS_flexboxgrid2__col-xs___2KrHO TDS_Col-modules__xsVisible___yQn24 TDS_Col-modules__smVisible___3-waa TDS_Col-modules__mdVisible___wUg94 TDS_Col-modules__lgVisible___7FbXv TDS_Col-modules__xlVisible___1AW2r TDS_Col-modules__gutterless___11Fxy"
            >
              <div
                class="c1"
              >
                <div
                  class="withoutIcon"
                >
                  <p
                    class="TDS_Typography-modules__wordBreak___3OZx_ TDS_Spacing-modules__noSpacing___XPYDG TDS_Typography-modules__color___2CNH8 TDS_Typography-modules__medium___1rxfE TDS_Typography-modules__wordBreak___3OZx_ TDS_Typography-modules__mediumFont___XMrRj TDS_Paragraph-modules__leftAlign___KgwhE TDS_Typography-modules__default___KlcpP"
                  >
                    Some content
                  </p>
                </div>
              </div>
            </div>
          </div>
        </div>
      </div>
    </div>
  </div>
</div>
`;
