// Jest Snapshot v1, https://goo.gl/fbAQLP

exports[`Tooltip renders 1`] = `
.c0 {
  display: block;
  -webkit-flex-direction: column;
  -ms-flex-direction: column;
  flex-direction: column;
  padding-left: 1rem;
  padding-right: 1rem;
  padding-top: 0.5rem;
  padding-bottom: 0.5rem;
}

<Tooltip
  direction="auto"
>
  <div
    className="fixLineHeight tooltip"
  >
    <div
      className="tooltipContainer"
      data-testid="tooltipContainer"
    >
      <Bubble
        direction="right"
        id="standalone-tooltip-mc41_tooltip"
        open={false}
        width={
          Object {
            "width": "calc(1008px - 1rem - 0.5rem)",
          }
        }
      >
        <Box
          aria-hidden="true"
          aria-live="assertive"
          dangerouslyAddClassName="right hide"
          data-testid="bubble"
          horizontal={3}
          id="standalone-tooltip-mc41_tooltip"
          inline={false}
          role="tooltip"
          tag="div"
          vertical={2}
        >
          <Box__StyledBox
            aria-hidden="true"
            aria-live="assertive"
            as="div"
            className="right hide"
            data-testid="bubble"
            horizontal={3}
            id="standalone-tooltip-mc41_tooltip"
            inline={false}
            role="tooltip"
            vertical={2}
          >
            <StyledComponent
              aria-hidden="true"
              aria-live="assertive"
              as="div"
              className="right hide"
              data-testid="bubble"
              forwardedComponent={
                Object {
                  "$$typeof": Symbol(react.forward_ref),
                  "attrs": Array [],
                  "componentStyle": ComponentStyle {
                    "componentId": "Box__StyledBox-jip4n1-0",
                    "isStatic": false,
                    "lastClassName": "c0",
                    "rules": Array [
                      [Function],
                    ],
                  },
                  "displayName": "Box__StyledBox",
                  "foldedComponentIds": Array [],
                  "render": [Function],
                  "styledComponentId": "Box__StyledBox-jip4n1-0",
                  "target": "div",
                  "toString": [Function],
                  "warnTooManyClasses": [Function],
                  "withComponent": [Function],
                }
              }
              forwardedRef={null}
              horizontal={3}
              id="standalone-tooltip-mc41_tooltip"
              inline={false}
              role="tooltip"
              vertical={2}
            >
              <div
                aria-hidden="true"
                aria-live="assertive"
                className="right hide c0"
                data-testid="bubble"
                id="standalone-tooltip-mc41_tooltip"
                role="tooltip"
              >
                <div
                  className="innerBubble"
                  style={
                    Object {
                      "width": "calc(1008px - 1rem - 0.5rem)",
                    }
                  }
                >
                  <Text
                    block={false}
                    bold={false}
                    invert={false}
                    size="small"
                  >
                    <span
                      className="TDS_Typography-modules__small___3H68Z TDS_Typography-modules__wordBreak___3dmWU TDS_Typography-modules__smallFont___XkTI5 TDS_Typography-modules__color___1Jt_W"
                    >
                      Tooltip text
                    </span>
                  </Text>
                </div>
              </div>
            </StyledComponent>
          </Box__StyledBox>
        </Box>
      </Bubble>
      <StandaloneIcon
        a11yText="Reveal additional information."
        aria-controls="standalone-tooltip-mc41_tooltip"
        aria-expanded="false"
        aria-haspopup="true"
        id="standalone-tooltip-mc41_trigger"
        onClick={[Function]}
        size={24}
        symbol="questionMarkCircle"
      >
        <Clickable
          aria-controls="standalone-tooltip-mc41_tooltip"
          aria-expanded="false"
          aria-haspopup="true"
          dangerouslyAddStyle={
            Object {
              "margin": "-4px",
              "padding": "4px",
            }
          }
          id="standalone-tooltip-mc41_trigger"
          onClick={[Function]}
          type="button"
        >
          <button
            aria-controls="standalone-tooltip-mc41_tooltip"
            aria-expanded="false"
            aria-haspopup="true"
            className="TDS_Clickable-modules__clickable___Wf5Qr TDS_Spacing-modules__noSpacing___XPYDG TDS_Borders-modules__none___1fCjZ TDS_Forms-modules__font___g7OGX TDS_Typography-modules__color___1Jt_W"
            id="standalone-tooltip-mc41_trigger"
            onClick={[Function]}
            style={
              Object {
                "margin": "-4px",
                "padding": "4px",
              }
            }
            type="button"
          >
            <Icon
              aria-label="Reveal additional information."
              size={24}
              symbol="questionMarkCircle"
            >
              <i
                aria-label="Reveal additional information."
                className="TDS_Icon-modules__iconQuestionMarkCircle___2km-5 TDS_Icon-modules__icon___13xYd TDS_Icon-modules__size24___37pQ7"
              />
            </Icon>
          </button>
        </Clickable>
      </StandaloneIcon>
    </div>
  </div>
</Tooltip>
`;
