// Jest Snapshot v1, https://goo.gl/fbAQLP

exports[`<UnorderedList /> renders 1`] = `
.c0 {
  display: -webkit-box;
  display: -webkit-flex;
  display: -ms-flexbox;
  display: flex;
  -webkit-flex-direction: column;
  -ms-flex-direction: column;
  flex-direction: column;
}

.c0 > *:not(:last-child) {
  margin-bottom: 0.5rem;
}

<ul
  class="base c0"
>
  <li
    class="circle medium item"
  >
    <span
      class="TDS_Typography-modules__medium___1DC1g TDS_Typography-modules__wordBreak___3dmWU TDS_Typography-modules__mediumFont___2ULml TDS_Typography-modules__color___1Jt_W"
    >
      Lorem ipsum
    </span>
  </li>
  <li
    class="circle medium item"
  >
    <span
      class="TDS_Typography-modules__medium___1DC1g TDS_Typography-modules__wordBreak___3dmWU TDS_Typography-modules__mediumFont___2ULml TDS_Typography-modules__color___1Jt_W"
    >
      Dolor sit amet
    </span>
  </li>
</ul>
`;
