// Jest Snapshot v1, https://goo.gl/fbAQLP

exports[`A11yContent renders 1`] = `
.c0 {
  position: absolute;
  height: 1px;
  width: 1px;
  overflow: hidden;
  -webkit-clip: rect(1px,1px,1px,1px);
  clip: rect(1px,1px,1px,1px);
}

<span
  class="c0"
>
  Some text
</span>
`;
