// Jest Snapshot v1, https://goo.gl/fbAQLP

exports[`Box renders 1`] = `
Object {
  "box": .c0 {
  display: -webkit-box;
  display: -webkit-flex;
  display: -ms-flexbox;
  display: flex;
  -webkit-flex-direction: column;
  -ms-flex-direction: column;
  flex-direction: column;
}

.c0 > *:not(:last-child) {
  margin-bottom: 1rem;
}

<Box
    between={3}
    inline={false}
    tag="div"
  >
    <Box__StyledBox
      as="div"
      between={3}
      inline={false}
    >
      <StyledComponent
        as="div"
        between={3}
        forwardedComponent={
          Object {
            "$$typeof": Symbol(react.forward_ref),
            "attrs": Array [],
            "componentStyle": ComponentStyle {
              "componentId": "Box__StyledBox-jip4n1-0",
              "isStatic": false,
              "lastClassName": "c0",
              "rules": Array [
                [Function],
              ],
            },
            "displayName": "Box__StyledBox",
            "foldedComponentIds": Array [],
            "render": [Function],
            "styledComponentId": "Box__StyledBox-jip4n1-0",
            "target": "div",
            "toString": [Function],
            "warnTooManyClasses": [Function],
            "withComponent": [Function],
          }
        }
        forwardedRef={null}
        inline={false}
      >
        <div
          className="c0"
        >
          Some content
        </div>
      </StyledComponent>
    </Box__StyledBox>
  </Box>,
  "styledComponent": .c0 {
  display: -webkit-box;
  display: -webkit-flex;
  display: -ms-flexbox;
  display: flex;
  -webkit-flex-direction: column;
  -ms-flex-direction: column;
  flex-direction: column;
}

.c0 > *:not(:last-child) {
  margin-bottom: 1rem;
}

<StyledComponent
    as="div"
    between={3}
    forwardedComponent={
      Object {
        "$$typeof": Symbol(react.forward_ref),
        "attrs": Array [],
        "componentStyle": ComponentStyle {
          "componentId": "Box__StyledBox-jip4n1-0",
          "isStatic": false,
          "lastClassName": "c0",
          "rules": Array [
            [Function],
          ],
        },
        "displayName": "Box__StyledBox",
        "foldedComponentIds": Array [],
        "render": [Function],
        "styledComponentId": "Box__StyledBox-jip4n1-0",
        "target": "div",
        "toString": [Function],
        "warnTooManyClasses": [Function],
        "withComponent": [Function],
      }
    }
    forwardedRef={null}
    inline={false}
  >
    <div
      className="c0"
    >
      Some content
    </div>
  </StyledComponent>,
}
`;
