// Jest Snapshot v1, https://goo.gl/fbAQLP

exports[`InputFeedback renders 1`] = `
.c0 {
  display: block;
  -webkit-flex-direction: column;
  -ms-flex-direction: column;
  flex-direction: column;
  padding-top: 1rem;
  padding-bottom: 1rem;
  padding-left: 1rem;
  padding-right: 1rem;
}

<div
  class="default c0"
>
  Some inputFeedback text.
</div>
`;
