// Jest Snapshot v1, https://goo.gl/fbAQLP

exports[`ChevronLink renders 1`] = `
.c0 {
  display: -webkit-box;
  display: -webkit-flex;
  display: -ms-flexbox;
  display: flex;
  -webkit-flex-direction: row;
  -ms-flex-direction: row;
  flex-direction: row;
}

.c0 > *:not(:last-child) {
  margin-right: 0.5rem;
}

<a
  class="primary"
  href="test.com"
>
  <span
    class="c0"
  >
    <span>
      Go home
    </span>
    <span
      class="rightChevron"
    >
      <i
        aria-hidden="true"
        class="TDS_Icon-modules__iconChevron___u32Fg TDS_Icon-modules__icon___13xYd TDS_Icon-modules__size16___1pm12"
      />
    </span>
  </span>
</a>
`;
